Program
----BitXorExpression
--------Operator: ^
--------Lhs
------------Identifier: x
--------Rhs
------------Identifier: y