Program
----BitOrExpression
--------Operator: |
--------Lhs
------------Identifier: x
--------Rhs
------------Identifier: y