Program
----AssignmentExpression
--------Operator: =
--------Lhs
------------Identifier: x
--------Rhs
------------LiteralExpression
----------------42