Program
----AssignmentOperatorExpression
--------AssignmentOperator
------------DivideAssign: /=
--------Lhs
------------Identifier: x
--------Rhs
------------LiteralExpression
----------------42