Program
----AssignmentOperatorExpression
--------AssignmentOperator
------------LeftShiftArithmeticAssign: <<=
--------Lhs
------------Identifier: x
--------Rhs
------------LiteralExpression
----------------42