Program
----LiteralExpression
--------"use strict"
----VariableDeclarationList
--------VarModifier: var
--------VariableDeclaration
------------Identifier: x
------------ObjectLiteral
----------------PropertyGetter
--------------------Getter
------------------------Identifier: get
------------------------PropertyName
----------------------------Identifier: i
--------------------FunctionBody
----------------PropertyGetter
--------------------Getter
------------------------Identifier: get
------------------------PropertyName
----------------------------Identifier: i
--------------------FunctionBody