Program
----ObjectLiteral
--------PropertyName
------------Identifier: a
--------FunctionBody