Program
----ObjectLiteral
--------PropertyAssignment
------------PropertyName
----------------"["
------------LiteralExpression
----------------42