Program
----AssignmentExpression
--------Operator: =
--------Lhs
------------Identifier: x
--------Rhs
------------ObjectLiteral
----------------PropertyAssignment
--------------------PropertyName
------------------------Identifier: answer
--------------------LiteralExpression
------------------------42