Program
----AnoymousFunctionDecl
--------FunctionBody
------------ReturnStatement
----------------MultiplicativeExpression
--------------------Operator: *
--------------------Lhs
------------------------Identifier: x
--------------------Rhs
------------------------Identifier: y