Program
----IfStatement
--------Test
------------Identifier: morning
--------Consequent
------------AnoymousFunctionDecl
----------------FunctionBody