Program
----IfStatement
--------Test
------------Identifier: morning
--------Consequent
------------FunctionDeclaration
----------------Identifier: a
----------------FunctionBody