Program
----IfStatement
--------Test
------------Identifier: morning
--------Consequent
------------Identifier: goodMorning
------------Arguments
--------Alternate
------------Identifier: goodDay
------------Arguments