Program
----AdditiveExpression
--------Operator: +
--------Lhs
------------Identifier: x
--------Rhs
------------MultiplicativeExpression
----------------Operator: *
----------------Lhs
--------------------Identifier: y
----------------Rhs
--------------------Identifier: z