Program
----LogicalOrExpression
--------Operator: ||
--------Lhs
------------LogicalOrExpression
----------------Operator: ||
----------------Lhs
--------------------Identifier: x
----------------Rhs
--------------------Identifier: y
--------Rhs
------------Identifier: z