Program
----LogicalAndExpression
--------Operator: &&
--------Lhs
------------LogicalAndExpression
----------------Operator: &&
----------------Lhs
--------------------Identifier: x
----------------Rhs
--------------------Identifier: y
--------Rhs
------------Identifier: z