Program
----LogicalOrExpression
--------Operator: ||
--------Lhs
------------Identifier: x
--------Rhs
------------BitXorExpression
----------------Operator: ^
----------------Lhs
--------------------Identifier: y
----------------Rhs
--------------------Identifier: z