Program
----VariableDeclarationList
--------VarModifier: let
--------VariableDeclaration
------------Identifier: x