Program
----Block
--------VariableDeclarationList
------------VarModifier: let
------------VariableDeclaration
----------------Identifier: x