Program
----AdditiveExpression
--------Operator: +
--------Lhs
------------LiteralExpression
----------------"use strict"
--------Rhs
------------LiteralExpression
----------------42