Program
----RelationalExpression
--------Operator: >=
--------Lhs
------------Identifier: x
--------Rhs
------------Identifier: y