Program
----VariableDeclarationList
--------VarModifier: var
--------VariableDeclaration
------------Identifier: source
------------LiteralExpression
----------------'\u2163\u2161\u200A=\u2009[]'