Program
----FunctionDeclaration
--------Identifier: universe
--------ParameterList
------------FormalParameterArg
----------------Identifier: __proto__
--------FunctionBody