Program
----FunctionDeclaration
--------Identifier: test
--------FunctionBody
------------AdditiveExpression
----------------Operator: +
----------------Lhs
--------------------LiteralExpression
------------------------"use strict"
----------------Rhs
--------------------LiteralExpression
------------------------42