Program
----FunctionDeclaration
--------Identifier: eval
--------FunctionBody