Program
----FunctionDeclaration
--------Identifier: arguments
--------FunctionBody