Program
----WhileStatement
--------Test
------------LiteralExpression
----------------true
--------Body
------------Block
----------------Identifier: doThat
----------------Arguments
----------------BreakStatement