Program
----ForStatement
--------Init
------------VariableDeclarationList
----------------VarModifier: let
----------------VariableDeclaration
--------------------Identifier: x
--------------------LiteralExpression
------------------------0
--------Body
------------EmptyStatement