Program
----DoStatement
--------Body
------------Identifier: keep
------------Arguments
--------Test
------------LiteralExpression
----------------true