Program
----LiteralExpression
--------"Hello\02World"