Program
----PostDecreaseExpression
--------Operator: --
--------Identifier: x