Program
----PostIncrementExpression
--------Operator: ++
--------Identifier: arguments