Program
----TernaryExpression
--------Test
------------Identifier: y
--------Consequent
------------LiteralExpression
----------------1
--------Alternate
------------LiteralExpression
----------------2